Q-16. Write a report on the various types of application software and how they improve productivity.
Ans:-
1. Productivity Software:
-------------------------
C:\> Word Processor:
C:\>   - Microsoft Word
C:\>   - Google Docs
Improves productivity by allowing quick creation and editing of documents.

C:\> Spreadsheet Software:
C:\>   - Microsoft Excel
C:\>   - Google Sheets
Helps with data analysis and calculations, saving time on manual work.

C:\> Presentation Software:
C:\>   - Microsoft PowerPoint
C:\>   - Google Slides
Creates slideshows for easy communication and presentation of ideas.

C:\> Email Client:
C:\>   - Microsoft Outlook
C:\>   - Gmail
Facilitates fast communication and scheduling.

2. Design and Creativity Software:
---------------------------------
C:\> Graphic Design Software:
C:\>   - Adobe Photoshop
C:\>   - CorelDRAW
Improves efficiency by allowing quick and professional graphic creation.

C:\> Video Editing Software:
C:\>   - Adobe Premiere Pro
C:\>   - Final Cut Pro
Speeds up video production with tools for editing and enhancing videos.

C:\> Audio Editing Software:
C:\>   - Audacity
C:\>   - Adobe Audition
Improves audio quality and editing, saving time in production.

3. Communication Software:
--------------------------
C:\> Instant Messaging Apps:
C:\>   - Slack
C:\>   - Microsoft Teams
Improves team communication by allowing instant messaging and file sharing.

C:\> Video Conferencing Software:
C:\>   - Zoom
C:\>   - Google Meet
Reduces travel time, making remote meetings more efficient.

4. Database Management Software:
--------------------------------
C:\> Relational Database:
C:\>   - MySQL
C:\>   - Microsoft SQL Server
Improves productivity by organizing and managing data efficiently.

C:\> CRM Software:
C:\>   - Salesforce
C:\>   - HubSpot
Helps businesses manage customer relationships and track interactions.

5. Project Management Software:
------------------------------
C:\> Task Management Tools:
C:\>   - Trello
C:\>   - Asana
Helps teams stay organized by managing tasks and deadlines.

C:\> Time Tracking Software:
C:\>   - Toggl
C:\>   - Harvest
Tracks time spent on tasks, improving focus and efficiency.

6. Security Software:
--------------------
C:\> Antivirus Software:
C:\>   - Norton
C:\>   - McAfee
Protects computers from viruses and malware, ensuring smooth work.

C:\> Firewall Software:
C:\>   - Windows Firewall
C:\>   - ZoneAlarm
Protects the system from unauthorized access, keeping data secure.

---

How Application Software Improves Productivity:
----------------------------------------------
C:\> Automates Repetitive Tasks:
C:\>   - Saves time on manual work (e.g., Excel formulas, Word formatting).

C:\> Improves Collaboration:
C:\>   - Enables real-time communication (e.g., Teams, Slack, Zoom).

C:\> Ensures Accuracy:
C:\>   - Reduces errors in data (e.g., CRM, Database software).

C:\> Enhances Organization:
C:\>   - Keeps tasks and projects on track (e.g., Asana, Trello).

C:\> Saves Costs:
C:\>   - Reduces need for manual processes and improves workflow efficiency.
